[2026-08-30 12:38:06,081 ] 41 root - INFO - Start data Ingestion
[2026-08-30 12:38:59,342 ] 58 root - INFO - Performed train test split on the dataframe
[2026-08-30 12:38:59,342 ] 59 root - INFO - exited split_data_as_train_tes method of Data_ingestion class
[2026-08-30 12:38:59,343 ] 62 root - INFO - Exporting train and test file path.
[2026-08-30 12:38:59,471 ] 66 root - INFO - Exported train and test file path
[2026-08-30 12:38:59,471 ] 44 root - INFO - Data Ingestion completed and artifact: DataIngestionArtifact(trained_file_path='Artifacts/08_30_2026_12_37_37/data_ingestion/ingested/train.csv', test_file_path='Artifacts/08_30_2026_12_37_37/data_ingestion/ingested/test.csv')
[2026-08-30 12:38:59,474 ] 54 root - INFO - Initiate the data Validation
[2026-08-30 12:38:59,510 ] 38 root - INFO - Expected columns: ['having_IP_Address', 'URL_Length', 'Shortining_Service', 'having_At_Symbol', 'double_slash_redirecting', 'Prefix_Suffix', 'having_Sub_Domain', 'SSLfinal_State', 'Domain_registeration_length', 'Favicon', 'port', 'HTTPS_token', 'Request_URL', 'URL_of_Anchor', 'Links_in_tags', 'SFH', 'Submitting_to_email', 'Abnormal_URL', 'Redirect', 'on_mouseover', 'RightClick', 'popUpWidnow', 'Iframe', 'age_of_domain', 'DNSRecord', 'web_traffic', 'Page_Rank', 'Google_Index', 'Links_pointing_to_page', 'Statistical_report', 'Result']
[2026-08-30 12:38:59,511 ] 39 root - INFO - Actual columns: ['having_IP_Address', 'URL_Length', 'Shortining_Service', 'having_At_Symbol', 'double_slash_redirecting', 'Prefix_Suffix', 'having_Sub_Domain', 'SSLfinal_State', 'Domain_registeration_length', 'Favicon', 'port', 'HTTPS_token', 'Request_URL', 'URL_of_Anchor', 'Links_in_tags', 'SFH', 'Submitting_to_email', 'Abnormal_URL', 'Redirect', 'on_mouseover', 'RightClick', 'popUpWidnow', 'Iframe', 'age_of_domain', 'DNSRecord', 'web_traffic', 'Page_Rank', 'Google_Index', 'Links_pointing_to_page', 'Statistical_report', 'Result']
[2026-08-30 12:38:59,511 ] 112 root - INFO - Train column validation PASSED
[2026-08-30 12:38:59,511 ] 38 root - INFO - Expected columns: ['having_IP_Address', 'URL_Length', 'Shortining_Service', 'having_At_Symbol', 'double_slash_redirecting', 'Prefix_Suffix', 'having_Sub_Domain', 'SSLfinal_State', 'Domain_registeration_length', 'Favicon', 'port', 'HTTPS_token', 'Request_URL', 'URL_of_Anchor', 'Links_in_tags', 'SFH', 'Submitting_to_email', 'Abnormal_URL', 'Redirect', 'on_mouseover', 'RightClick', 'popUpWidnow', 'Iframe', 'age_of_domain', 'DNSRecord', 'web_traffic', 'Page_Rank', 'Google_Index', 'Links_pointing_to_page', 'Statistical_report', 'Result']
[2026-08-30 12:38:59,511 ] 39 root - INFO - Actual columns: ['having_IP_Address', 'URL_Length', 'Shortining_Service', 'having_At_Symbol', 'double_slash_redirecting', 'Prefix_Suffix', 'having_Sub_Domain', 'SSLfinal_State', 'Domain_registeration_length', 'Favicon', 'port', 'HTTPS_token', 'Request_URL', 'URL_of_Anchor', 'Links_in_tags', 'SFH', 'Submitting_to_email', 'Abnormal_URL', 'Redirect', 'on_mouseover', 'RightClick', 'popUpWidnow', 'Iframe', 'age_of_domain', 'DNSRecord', 'web_traffic', 'Page_Rank', 'Google_Index', 'Links_pointing_to_page', 'Statistical_report', 'Result']
[2026-08-30 12:38:59,511 ] 118 root - INFO - Test column validation PASSED
[2026-08-30 12:38:59,645 ] 129 root - INFO - No data drift detected
[2026-08-30 12:38:59,774 ] 66 root - INFO - Entered initiate_data_transformation method of DataTransformation class
[2026-08-30 12:38:59,774 ] 68 root - INFO - Starting data transformation
[2026-08-30 12:38:59,812 ] 51 root - INFO - Entered get_data_trnasformer_object method of Trnasformation class
[2026-08-30 12:38:59,812 ] 56 root - INFO - Initialise KNNImputer with {'missing_values': nan, 'n_neighbors': 3, 'weights': 'uniform'}
[2026-08-30 12:45:50,968 ] 116 root - INFO - Best Model: Random Forest with score: 0.9401418783861757
[2026-08-30 12:45:52,559 ] 1025 httpx - INFO - HTTP Request: GET https://dagshub.com/api/v1/user "HTTP/1.1 200 OK"
[2026-08-30 12:45:52,588 ] 107 dagshub - INFO - Accessing as abhisinghh72
[2026-08-30 12:45:53,853 ] 1025 httpx - INFO - HTTP Request: GET https://dagshub.com/api/v1/repos/abhisinghh72/networksecurity "HTTP/1.1 200 OK"
[2026-08-30 12:45:55,105 ] 1025 httpx - INFO - HTTP Request: GET https://dagshub.com/api/v1/user "HTTP/1.1 200 OK"
[2026-08-30 12:45:55,109 ] 107 dagshub - INFO - Initialized MLflow to track repo "abhisinghh72/networksecurity"
[2026-08-30 12:45:55,109 ] 107 dagshub - INFO - Repository abhisinghh72/networksecurity initialized!
[2026-08-30 12:46:40,431 ] 1025 httpx - INFO - HTTP Request: GET https://dagshub.com/api/v1/repos/abhisinghh72/networksecurity "HTTP/1.1 200 OK"
[2026-08-30 12:46:40,439 ] 107 dagshub - INFO - Initialized MLflow to track repo "abhisinghh72/networksecurity"
[2026-08-30 12:46:40,440 ] 107 dagshub - INFO - Repository abhisinghh72/networksecurity initialized!
[2026-08-30 12:47:10,738 ] 156 root - INFO - Model trainer artifact: ModelTrainerArtifact(trained_model_file_path='Artifacts/08_30_2026_12_37_37/model_trainer/trained_model/model.pkl', train_metric_artifact=ClassificationMetricArtifact(f1_score=0.9914901138860129, precision_score=0.9894662567410917, recall_score=0.9935222672064777), test_metric_artifact=ClassificationMetricArtifact(f1_score=0.986592979224235, precision_score=0.9830715888231695, recall_score=0.990139687756779))
