[2026-08-30 12:08:50,394 ] 19 root - INFO - Initiate the data ingestion
[2026-08-30 12:09:14,079 ] 58 root - INFO - Performed train test split on the dataframe
[2026-08-30 12:09:14,080 ] 59 root - INFO - exited split_data_as_train_tes method of Data_ingestion class
[2026-08-30 12:09:14,080 ] 62 root - INFO - Exporting train and test file path.
[2026-08-30 12:09:14,207 ] 66 root - INFO - Exported train and test file path
[2026-08-30 12:09:14,207 ] 21 root - INFO - Data Initiation Completed
[2026-08-30 12:09:14,211 ] 25 root - INFO - Initiate the data Validation
[2026-08-30 12:09:14,252 ] 38 root - INFO - Expected columns: ['having_IP_Address', 'URL_Length', 'Shortining_Service', 'having_At_Symbol', 'double_slash_redirecting', 'Prefix_Suffix', 'having_Sub_Domain', 'SSLfinal_State', 'Domain_registeration_length', 'Favicon', 'port', 'HTTPS_token', 'Request_URL', 'URL_of_Anchor', 'Links_in_tags', 'SFH', 'Submitting_to_email', 'Abnormal_URL', 'Redirect', 'on_mouseover', 'RightClick', 'popUpWidnow', 'Iframe', 'age_of_domain', 'DNSRecord', 'web_traffic', 'Page_Rank', 'Google_Index', 'Links_pointing_to_page', 'Statistical_report', 'Result']
[2026-08-30 12:09:14,252 ] 39 root - INFO - Actual columns: ['having_IP_Address', 'URL_Length', 'Shortining_Service', 'having_At_Symbol', 'double_slash_redirecting', 'Prefix_Suffix', 'having_Sub_Domain', 'SSLfinal_State', 'Domain_registeration_length', 'Favicon', 'port', 'HTTPS_token', 'Request_URL', 'URL_of_Anchor', 'Links_in_tags', 'SFH', 'Submitting_to_email', 'Abnormal_URL', 'Redirect', 'on_mouseover', 'RightClick', 'popUpWidnow', 'Iframe', 'age_of_domain', 'DNSRecord', 'web_traffic', 'Page_Rank', 'Google_Index', 'Links_pointing_to_page', 'Statistical_report', 'Result']
[2026-08-30 12:09:14,252 ] 112 root - INFO - Train column validation PASSED
[2026-08-30 12:09:14,252 ] 38 root - INFO - Expected columns: ['having_IP_Address', 'URL_Length', 'Shortining_Service', 'having_At_Symbol', 'double_slash_redirecting', 'Prefix_Suffix', 'having_Sub_Domain', 'SSLfinal_State', 'Domain_registeration_length', 'Favicon', 'port', 'HTTPS_token', 'Request_URL', 'URL_of_Anchor', 'Links_in_tags', 'SFH', 'Submitting_to_email', 'Abnormal_URL', 'Redirect', 'on_mouseover', 'RightClick', 'popUpWidnow', 'Iframe', 'age_of_domain', 'DNSRecord', 'web_traffic', 'Page_Rank', 'Google_Index', 'Links_pointing_to_page', 'Statistical_report', 'Result']
[2026-08-30 12:09:14,252 ] 39 root - INFO - Actual columns: ['having_IP_Address', 'URL_Length', 'Shortining_Service', 'having_At_Symbol', 'double_slash_redirecting', 'Prefix_Suffix', 'having_Sub_Domain', 'SSLfinal_State', 'Domain_registeration_length', 'Favicon', 'port', 'HTTPS_token', 'Request_URL', 'URL_of_Anchor', 'Links_in_tags', 'SFH', 'Submitting_to_email', 'Abnormal_URL', 'Redirect', 'on_mouseover', 'RightClick', 'popUpWidnow', 'Iframe', 'age_of_domain', 'DNSRecord', 'web_traffic', 'Page_Rank', 'Google_Index', 'Links_pointing_to_page', 'Statistical_report', 'Result']
[2026-08-30 12:09:14,252 ] 118 root - INFO - Test column validation PASSED
[2026-08-30 12:09:14,388 ] 129 root - INFO - No data drift detected
[2026-08-30 12:09:14,515 ] 27 root - INFO - data Validation Completed
[2026-08-30 12:09:14,515 ] 30 root - INFO - data Transformation started
[2026-08-30 12:09:14,515 ] 66 root - INFO - Entered initiate_data_transformation method of DataTransformation class
[2026-08-30 12:09:14,515 ] 68 root - INFO - Starting data transformation
[2026-08-30 12:09:14,562 ] 51 root - INFO - Entered get_data_trnasformer_object method of Trnasformation class
[2026-08-30 12:09:14,562 ] 56 root - INFO - Initialise KNNImputer with {'missing_values': nan, 'n_neighbors': 3, 'weights': 'uniform'}
[2026-08-30 12:09:14,723 ] 34 root - INFO - data Transformation completed
[2026-08-30 12:09:14,723 ] 36 root - INFO - Model Training sstared
[2026-08-30 12:16:20,773 ] 116 root - INFO - Best Model: Random Forest with score: 0.9547511134493519
[2026-08-30 12:16:23,711 ] 1025 httpx - INFO - HTTP Request: GET https://dagshub.com/api/v1/user "HTTP/1.1 200 OK"
[2026-08-30 12:16:23,731 ] 107 dagshub - INFO - Accessing as abhisinghh72
[2026-08-30 12:16:25,178 ] 1025 httpx - INFO - HTTP Request: GET https://dagshub.com/api/v1/repos/abhisinghh72/networksecurity "HTTP/1.1 200 OK"
[2026-08-30 12:16:26,401 ] 1025 httpx - INFO - HTTP Request: GET https://dagshub.com/api/v1/user "HTTP/1.1 200 OK"
[2026-08-30 12:16:26,405 ] 107 dagshub - INFO - Initialized MLflow to track repo "abhisinghh72/networksecurity"
[2026-08-30 12:16:26,406 ] 107 dagshub - INFO - Repository abhisinghh72/networksecurity initialized!
[2026-08-30 12:20:03,323 ] 1025 httpx - INFO - HTTP Request: GET https://dagshub.com/api/v1/repos/abhisinghh72/networksecurity "HTTP/1.1 200 OK"
[2026-08-30 12:20:03,330 ] 107 dagshub - INFO - Initialized MLflow to track repo "abhisinghh72/networksecurity"
[2026-08-30 12:20:03,330 ] 107 dagshub - INFO - Repository abhisinghh72/networksecurity initialized!
[2026-08-30 12:24:27,315 ] 156 root - INFO - Model trainer artifact: ModelTrainerArtifact(trained_model_file_path='Artifacts/08_30_2026_12_08_48/model_trainer/trained_model/model.pkl', train_metric_artifact=ClassificationMetricArtifact(f1_score=0.9909868969173673, precision_score=0.9884663812641652, recall_score=0.9935202996861395), test_metric_artifact=ClassificationMetricArtifact(f1_score=0.9898804047838087, precision_score=0.9863515991036871, recall_score=0.993434550677062))
[2026-08-30 12:24:27,324 ] 41 root - INFO - Model Training artifact created
