[2026-08-30 11:59:34,353 ] 19 root - INFO - Initiate the data ingestion
[2026-08-30 12:00:14,090 ] 58 root - INFO - Performed train test split on the dataframe
[2026-08-30 12:00:14,090 ] 59 root - INFO - exited split_data_as_train_tes method of Data_ingestion class
[2026-08-30 12:00:14,090 ] 62 root - INFO - Exporting train and test file path.
[2026-08-30 12:00:14,222 ] 66 root - INFO - Exported train and test file path
[2026-08-30 12:00:14,225 ] 21 root - INFO - Data Initiation Completed
[2026-08-30 12:00:14,232 ] 25 root - INFO - Initiate the data Validation
[2026-08-30 12:00:14,299 ] 38 root - INFO - Expected columns: ['having_IP_Address', 'URL_Length', 'Shortining_Service', 'having_At_Symbol', 'double_slash_redirecting', 'Prefix_Suffix', 'having_Sub_Domain', 'SSLfinal_State', 'Domain_registeration_length', 'Favicon', 'port', 'HTTPS_token', 'Request_URL', 'URL_of_Anchor', 'Links_in_tags', 'SFH', 'Submitting_to_email', 'Abnormal_URL', 'Redirect', 'on_mouseover', 'RightClick', 'popUpWidnow', 'Iframe', 'age_of_domain', 'DNSRecord', 'web_traffic', 'Page_Rank', 'Google_Index', 'Links_pointing_to_page', 'Statistical_report', 'Result']
[2026-08-30 12:00:14,299 ] 39 root - INFO - Actual columns: ['having_IP_Address', 'URL_Length', 'Shortining_Service', 'having_At_Symbol', 'double_slash_redirecting', 'Prefix_Suffix', 'having_Sub_Domain', 'SSLfinal_State', 'Domain_registeration_length', 'Favicon', 'port', 'HTTPS_token', 'Request_URL', 'URL_of_Anchor', 'Links_in_tags', 'SFH', 'Submitting_to_email', 'Abnormal_URL', 'Redirect', 'on_mouseover', 'RightClick', 'popUpWidnow', 'Iframe', 'age_of_domain', 'DNSRecord', 'web_traffic', 'Page_Rank', 'Google_Index', 'Links_pointing_to_page', 'Statistical_report', 'Result']
[2026-08-30 12:00:14,299 ] 112 root - INFO - Train column validation PASSED
[2026-08-30 12:00:14,300 ] 38 root - INFO - Expected columns: ['having_IP_Address', 'URL_Length', 'Shortining_Service', 'having_At_Symbol', 'double_slash_redirecting', 'Prefix_Suffix', 'having_Sub_Domain', 'SSLfinal_State', 'Domain_registeration_length', 'Favicon', 'port', 'HTTPS_token', 'Request_URL', 'URL_of_Anchor', 'Links_in_tags', 'SFH', 'Submitting_to_email', 'Abnormal_URL', 'Redirect', 'on_mouseover', 'RightClick', 'popUpWidnow', 'Iframe', 'age_of_domain', 'DNSRecord', 'web_traffic', 'Page_Rank', 'Google_Index', 'Links_pointing_to_page', 'Statistical_report', 'Result']
[2026-08-30 12:00:14,300 ] 39 root - INFO - Actual columns: ['having_IP_Address', 'URL_Length', 'Shortining_Service', 'having_At_Symbol', 'double_slash_redirecting', 'Prefix_Suffix', 'having_Sub_Domain', 'SSLfinal_State', 'Domain_registeration_length', 'Favicon', 'port', 'HTTPS_token', 'Request_URL', 'URL_of_Anchor', 'Links_in_tags', 'SFH', 'Submitting_to_email', 'Abnormal_URL', 'Redirect', 'on_mouseover', 'RightClick', 'popUpWidnow', 'Iframe', 'age_of_domain', 'DNSRecord', 'web_traffic', 'Page_Rank', 'Google_Index', 'Links_pointing_to_page', 'Statistical_report', 'Result']
[2026-08-30 12:00:14,300 ] 118 root - INFO - Test column validation PASSED
[2026-08-30 12:00:14,436 ] 129 root - INFO - No data drift detected
[2026-08-30 12:00:14,561 ] 27 root - INFO - data Validation Completed
[2026-08-30 12:00:14,562 ] 30 root - INFO - data Transformation started
[2026-08-30 12:00:14,562 ] 66 root - INFO - Entered initiate_data_transformation method of DataTransformation class
[2026-08-30 12:00:14,562 ] 68 root - INFO - Starting data transformation
[2026-08-30 12:00:14,608 ] 51 root - INFO - Entered get_data_trnasformer_object method of Trnasformation class
[2026-08-30 12:00:14,608 ] 56 root - INFO - Initialise KNNImputer with {'missing_values': nan, 'n_neighbors': 3, 'weights': 'uniform'}
[2026-08-30 12:00:14,659 ] 34 root - INFO - data Transformation completed
[2026-08-30 12:00:14,659 ] 36 root - INFO - Model Training sstared
